npm warn Unknown env config "http-proxy". This will stop working in the next major version of npm.

> cps-union-platform@1.0.0 build
> tsc -b && vite build

vite v6.4.3 building for production...
transforming...
✓ 1703 modules transformed.
rendering chunks...
computing gzip size...
dist/index.html                               1.54 kB │ gzip:   0.80 kB
dist/assets/index-DUt80dpL.css               77.35 kB │ gzip:  13.80 kB
dist/assets/check-CLJWNzHk.js                 0.29 kB │ gzip:   0.24 kB
dist/assets/chevron-right-DFdx2N6B.js         0.30 kB │ gzip:   0.25 kB
dist/assets/plus-DSdwiTNo.js                  0.33 kB │ gzip:   0.25 kB
dist/assets/arrow-left-Wphk43ue.js            0.34 kB │ gzip:   0.27 kB
dist/assets/ban-B_jVxlxO.js                   0.34 kB │ gzip:   0.27 kB
dist/assets/rotate-ccw-B3CkX1gp.js            0.37 kB │ gzip:   0.29 kB
dist/assets/lock-BkJ189Si.js                  0.37 kB │ gzip:   0.29 kB
dist/assets/copy-CLb8e3t-.js                  0.40 kB │ gzip:   0.31 kB
dist/assets/activity-W-oRLyLR.js              0.41 kB │ gzip:   0.31 kB
dist/assets/shopping-bag-BM66mVJY.js          0.42 kB │ gzip:   0.31 kB
dist/assets/wallet-CAVOnZaB.js                0.46 kB │ gzip:   0.31 kB
dist/assets/user-plus-C7qLSr-k.js             0.48 kB │ gzip:   0.34 kB
dist/assets/marketApi-BmJ04W1_.js             0.52 kB │ gzip:   0.30 kB
dist/assets/git-compare-arrows-UJkmV7GZ.js    0.54 kB │ gzip:   0.36 kB
dist/assets/layers-Bah3uNPC.js                0.59 kB │ gzip:   0.34 kB
dist/assets/handshake-B7WObttZ.js             0.62 kB │ gzip:   0.39 kB
dist/assets/Wizard-BX9p5XKJ.js                0.64 kB │ gzip:   0.41 kB
dist/assets/sliders-vertical-BODp-7W7.js      0.76 kB │ gzip:   0.37 kB
dist/assets/tag-C-4rrY8m.js                   0.87 kB │ gzip:   0.45 kB
dist/assets/BrandLanding-HtLMByiI.js          1.16 kB │ gzip:   0.83 kB
dist/assets/AgentLanding-D2tg6tlp.js          1.17 kB │ gzip:   0.83 kB
dist/assets/DocModal-DuFL2jb0.js              1.25 kB │ gzip:   0.65 kB
dist/assets/useAigcEstimate-CRUtZLMW.js       1.27 kB │ gzip:   0.69 kB
dist/assets/filters-xeYfJF5Y.js               1.96 kB │ gzip:   0.93 kB
dist/assets/marketDemo-wNQydyWt.js            2.03 kB │ gzip:   1.19 kB
dist/assets/Profile-D2ltffNJ.js               2.18 kB │ gzip:   1.06 kB
dist/assets/LegalShell-CVEXe_dU.js            2.39 kB │ gzip:   0.99 kB
dist/assets/Terms-DgBUfPTZ.js                 3.15 kB │ gzip:   1.76 kB
dist/assets/codeGen-CLV6SbI1.js               3.19 kB │ gzip:   1.69 kB
dist/assets/adminApi-Du5_oKZz.js              3.34 kB │ gzip:   1.23 kB
dist/assets/Privacy-BCTpVM7U.js               3.47 kB │ gzip:   1.78 kB
dist/assets/popover-BaOwv-TA.js               3.96 kB │ gzip:   1.68 kB
dist/assets/Audit-CmlY5Y0_.js                 4.25 kB │ gzip:   2.16 kB
dist/assets/BrandInsights-B_0W-VG1.js         4.61 kB │ gzip:   1.88 kB
dist/assets/PortalAigc-D9Sn_JW1.js            4.88 kB │ gzip:   2.26 kB
dist/assets/kit-ClSFb_IM.js                   5.18 kB │ gzip:   2.12 kB
dist/assets/BrandPlaza-D2iJGm5X.js            5.52 kB │ gzip:   2.01 kB
dist/assets/MemberModals-YQiTT4uu.js          5.76 kB │ gzip:   2.47 kB
dist/assets/BrandProducts-Bls6IWcM.js         6.90 kB │ gzip:   2.88 kB
dist/assets/Members-BXk5ex7Q.js               7.11 kB │ gzip:   2.89 kB
dist/assets/MySubscriptions-C1l1P8Td.js       8.03 kB │ gzip:   2.76 kB
dist/assets/Settings-CppmuaRS.js              8.36 kB │ gzip:   3.25 kB
dist/assets/Marketplace-CtxuT4Ls.js           8.45 kB │ gzip:   3.64 kB
dist/assets/IncidentRoom-tUt7oqoC.js          9.16 kB │ gzip:   3.39 kB
dist/assets/SettlementRun-D4O4CK7T.js         9.54 kB │ gzip:   3.54 kB
dist/assets/Barter-qxm3jb7S.js                9.95 kB │ gzip:   3.45 kB
dist/assets/Products-BTW1LKmI.js             10.57 kB │ gzip:   4.02 kB
dist/assets/BrandDetail-C5bVSckl.js          10.58 kB │ gzip:   3.97 kB
dist/assets/Aigc-CfHVPxDt.js                 11.48 kB │ gzip:   4.52 kB
dist/assets/LandingWorkshop-DoTTnKZN.js      12.14 kB │ gzip:   4.81 kB
dist/assets/Analytics-BbaWQHBY.js            12.60 kB │ gzip:   4.45 kB
dist/assets/Orders-BBqB54M2.js               13.26 kB │ gzip:   4.96 kB
dist/assets/Contracts-CERy0P-_.js            13.52 kB │ gzip:   4.64 kB
dist/assets/LandingPage-BcyR1XH9.js          13.60 kB │ gzip:   4.84 kB
dist/assets/BrandDeveloper-CYRMg0Kj.js       14.64 kB │ gzip:   5.40 kB
dist/assets/Agents-rgUCV3WM.js               15.34 kB │ gzip:   5.24 kB
dist/assets/Merchants-C1zjiduh.js            17.54 kB │ gzip:   5.98 kB
dist/assets/Settlement-F8OzVcTp.js           17.57 kB │ gzip:   6.03 kB
dist/assets/Brands-BjSzKq3P.js               17.57 kB │ gzip:   6.30 kB
dist/assets/portalDemo-DaO2My1u.js           17.83 kB │ gzip:   7.16 kB
dist/assets/AgentPortal-CxADw4Sy.js          24.43 kB │ gzip:   7.93 kB
dist/assets/BrandPortal-DPuWIWl_.js          28.23 kB │ gzip:   8.79 kB
dist/assets/Supermarket-DzoIJOXq.js          32.49 kB │ gzip:   9.85 kB
dist/assets/RiskWorkspace-zzNQvCnT.js        42.10 kB │ gzip:  13.33 kB
dist/assets/index-t5WyhMQi.js               482.89 kB │ gzip: 150.39 kB
✓ built in 3.25s
